@addresses_from "00050000-10101D00" // US v1.3.0 (v64)

// ActorBlockBase
    _ZN14ActorBlockBase9initMoverEv = 0x0269fb30;
    _ZN14ActorBlockBase15StateID_HitWaitE = 0x1021E904;
    _ZN27LoopRideLineBgCollisionUtil6setOfsEP23LoopRideLineBgCollisionRKN4sead7Vector2IfEES6_ = 0x021AD25C;
    _ZN13SwitchFlagMgr12checkPSwitchENS_11PSwitchTypeE = 0x0269BF04;
    _ZN14ActorBlockBase10getContentEj = 0x0269FAB0;

// ActorBgCollisionMgr
    _ZN19ActorBgCollisionMgr7releaseERK11BgCollision = 0x0219282C;
    _ZN19ActorBgCollisionMgr10doDrcTouchERKN4sead7Vector2IfEEf = 0x02192E84;

// ChangeBlockCoinBase
    _ZN19ChangeBlockCoinBase17getMultiCoinStateEv = 0x02726644;
    _ZN19ChangeBlockCoinBase10onDrcTouchEv = 0x02726654;
    _ZN19ChangeBlockCoinBase11spawnItemUpEv = 0x02726610;
    _ZN19ChangeBlockCoinBase13spawnItemDownEv = 0x02726634;
    _ZN19ChangeBlockCoinBase5vf2C4Ev = 0x02727998;


// ActorBlockHatena
    _ZN16ActorBlockHatenaC2ERK16ActorCreateParam = 0x026A4FAC;
    _ZN16ActorBlockHatena6createEv = 0x026A5010;
    _ZN16ActorBlockHatena19updateLiquidEffectsEv = 0x026A52EC;
    _ZN16ActorBlockHatena10onBumpDiffEv = 0x026A5330;
    _ZN16ActorBlockHatena8postBumpEv = 0x026A5394;
    _ZN16ActorBlockHatena5vf32CEv = 0x026A5434;

// BlockMgr
    _ZN8BlockMgr9sInstanceE = 0x101DB964;
    _ZN8BlockMgr7destroyERN14ActorBlockBase14DestroyedParamEb = 0x0270B90C;
    _ZN8BlockMgr19getBlockActiveStateERN4sead7Vector3IfEEj = 0x0270D2F4;
    _ZN8BlockMgr18setStateForBlockAtERN4sead7Vector3IfEEN14ActorBlockBase12ActiveStatesEj = 0x0270D420;
    _ZN8BlockMgr11doDestroyAtERNS_12DestroyParamE = 0x0270C798;
    _ZN8BlockMgr10hitBlockAtERN4sead7Vector2IfEE = 0x0270C9D0;
    _ZN8BlockMgr10hitBlockAtERNS_8HitParamE = 0x0270C9D0;
    _ZN8BlockMgr19feverModeHitBlockAtERN4sead7Vector2IfEE = 0x0270BBB4;

// RumbleMgr
    _ZN5Quake9sInstanceE = 0x101D1660;
    _ZN5Quake13startShockAllENS_9ShockTypeEiib = 0x024C4D3C;

// Bg
    _ZN2Bg20getUnitCurrentCdFileEtthPi = 0x02685000;
    _ZN2Bg9sInstanceE = 0x101DAB94;
    _ZN2Bg20setTileAtCurrentAreaEttNS_8LayersU8Ej = 0x026854A8;
    _ZN2Bg11getUnitTypeEtth = 0x02685230; // not sure
    _ZN2Bg20setUnitCurrentCdFileEttht = 0x026854A8;

// ProfileInfo
    _ZN11ProfileInfo16cProfileID_BlockE = 0x100041D0;

// TouchDrcMgr
    _ZN11TouchDrcMgr9sInstanceE = 0x101E10C0;
    _ZN11TouchDrcMgr11isFeverModeEv = 0x02895BE8;

// Cursed Shit
    _ZN8AreaTask11getLoopPosXEf = 0x024B8034;
    _ZN8BlockMgr10unitToTypeEt = 0x0270B6E0;
    _ZN2Bg12FUN_026854c0Etthb = 0x026854c0;
    _ZN9PlayerMgr11getYoshiNumEv = 0x02918144;
    _ZN9PlayerMgr12FUN_02919458Ev = 0x02919458;
    _Z12FUN_0270bb28v = 0x0270bb28;
    _ZN8BlockMgr19getMultiCoinStateAtERN4sead7Vector3IfEE = 0x0270B7EC;

// Block
    _ZN5BlockC2ERK16ActorCreateParam = 0x02701DE4;
    _ZN5Block6createEv = 0x02701FD4;
    _ZN5Block7executeEv = 0x02702318;
    _ZN5Block9sTypeInfoE = 0x101EB220;

    _ZN13BlockCoinBaseC2ERK16ActorCreateParam = 0x027044B4;

// ActorBlockSwitch
    _ZN16ActorBlockSwitchC2ERK16ActorCreateParam = 0x026BA304;
    _ZN16ActorBlockSwitch6createEv = 0x026BA370;
    _ZN16ActorBlockSwitch9sTypeInfoE = 0x101EB054;
    _ZN16ActorBlockSwitch11spawnItemUpEv = 0x026BA8D4;
    _ZN16ActorBlockSwitch13spawnItemDownEv = 0x026BA8DC;

// FlagCtrl
    _ZN8FlagCtrl9sInstanceE = 0x101D160C;
    _ZN8FlagCtrl11getFlagDataEtff = 0x024C2B10;
    _ZN8FlagCtrl11setFlagDataEtfft = 0x024C2B78;

// Actor
    _ZN5Actor14screenOutCheckENS_13ScreenOutFlagE = 0x020007A0;

// ShellDrcTouchCB
    _ZTV15ShellDrcTouchCB = 0x100A6520;
    _ZN15ShellDrcTouchCB9ccOnTouchEP19ActorCollisionCheckRKN4sead7Vector2IfEE = 0x0245213C;
    _ZN15ShellDrcTouchCB16ccSetTouchNormalEP19ActorCollisionCheckRKN4sead7Vector2IfEE = 0x024520F4;

// Enemy
    _ZN5Enemy19setDeathInfo_HasamiEv = 0x0232DF14;
    _ZN5Enemy17setDeathInfo_FallE7DirTypeiN8ScoreMgr9ScoreTypeE = 0x0232CBA4;

// RouletteBlock
    _ZN13RouletteBlockC2ERK16ActorCreateParam = 0x02879078;
    _ZN13RouletteBlock6createEv = 0x02879570;
    _ZN13RouletteBlock7executeEv = 0x028799B8;
    _ZN13RouletteBlock4drawEv = 0x02879A40;
    _ZN13RouletteBlock5vf2DCEv = 0x02879A94;
    _ZN13RouletteBlock9sTypeInfoE = 0x101EB8C8;
    _ZN13RouletteBlock10onDrcTouchEv = 0x02879C64;
    _ZN13RouletteBlock11updateModelEv = 0x02879460;

// ChibiYoshiMgr
    _ZN13ChibiYoshiMgr8spawnEggERKN4sead7Vector3IfEEhj = 0x02743BB0;

// ActorCoinBase
    _ZN13ActorCoinBaseC1ERK16ActorCreateParam = 0x026BF78C;
    _ZN13ActorCoinBaseC2ERK16ActorCreateParam = 0x026BF78C;
    _ZN13ActorCoinBase11updateModelEv = 0x026BF900;
    _ZN13ActorCoinBase7executeEv = 0x026BF9D0;
    _ZN13ActorCoinBase4drawEv = 0x026BFB9C;
    _ZN13ActorCoinBase5vf2DCEv = 0x026BFD40;
    _ZN13ActorCoinBase4initEv = 0x026BFF4C;
    _ZN13ActorCoinBase9initMoverEv = 0x026C0070;
    _ZN13ActorCoinBase11createModelEv = 0x026C0104;
    _ZN13ActorCoinBase18incrementYRotationEv = 0x026C01F0;
    _ZN13ActorCoinBase12initColliderEj = 0x026C0E24;
    _ZN13ActorCoinBase5vf2E4Ev = 0x026C0F7C;
    _ZN13ActorCoinBase5vf2ECEv = 0x026C1084;
    _ZN13ActorCoinBase5vf2FCEv = 0x026C11F8;
    _ZN13ActorCoinBase5vf304Ev = 0x026C1300;
    _ZN13ActorCoinBase18executeState_EatInEv = 0x026C1510;
    _ZN13ActorCoinBase5vf2D4Ev = 0x026C1C08;
    _ZN13ActorCoinBase5vf2F4Ev = 0x026C1DCC;
    _ZN13ActorCoinBase5vf30CEv = 0x026C1DD0;
    _ZN13ActorCoinBase21initializeState_EatInEv = 0x026C1DD4;
    _ZN13ActorCoinBase19finalizeState_EatInEv = 0x026C1DD8;
    _ZN13ActorCoinBase22initializeState_EatNowEv = 0x026C1DDC;
    _ZN13ActorCoinBase19executeState_EatNowEv = 0x026C1DE0;
    _ZN13ActorCoinBase20finalizeState_EatNowEv = 0x026C1DE4;
    _ZN13ActorCoinBaseD1Ev = 0x026C1DE8;
    _ZTV13ActorCoinBase = 0x100F1AF0;
    _ZN13ActorCoinBase9sTypeInfoE = 0x101EA3B8;
    _ZN13ActorCoinBase13StateID_EatInE = 0x1021F09C;
    _ZN13ActorCoinBase14StateID_EatNowE = 0x1021F0BC;

// ActorCoinShowerJump
    _ZN19ActorCoinShowerJumpC2ERK16ActorCreateParam = 0x026D586C;
    _ZN19ActorCoinShowerJump6createEv = 0x026D58E8;
    _ZN19ActorCoinShowerJump9sTypeInfoE = 0x101EB120;

// CourseTask
    _ZN10CourseTask8addCoinsEii = 0x024BFDB0;
    
// BgCollision
    _ZN11BgCollision6updateEv = 0x021A5EB4;

// RDashMgr
    _ZN8RDashMgr9sInstanceE = 0x101E7D9C;

// SaveMgr
    _ZN7SaveMgr9sInstanceE = 0x101E7DA4;